<?xml version="1.0" encoding="UTF-8" standalone="no"?>
<Lists>
    <Names>
        <Name>DoubleTree by Hilton New York Downtown</Name>
        <Name>Millennium Hilton New York One UN Plaza</Name>
        <Name>Homewood Suites by Hilton New York/Midtown Manhattan Times Square-South, NY</Name>
        <Name>Canopy by Hilton Ithaca Downtown</Name>
        <Name>Martinique New York on Broadway, Curio Collection by Hilton</Name>
    </Names>
    <Prices>
        <Price>370 USD per night</Price>
        <Price>255 USD per night</Price>
        <Price>345 USD per night</Price>
        <Price>154 USD per night</Price>
        <Price>264 USD per night</Price>
    </Prices>
    <Addresses>
        <Address>8 Stone Street, New York, New York, 10004, United States of America</Address>
        <Address>One United Nations Plaza, Midtown East, New York City, NY 10017, USA New York United States</Address>
        <Address>312 West 37th Street, New York, NY, 10018, United States of America</Address>
        <Address>324 East State Street, Ithaca, NEW YORK, 14850, United States</Address>
        <Address>49 West 32nd Street, New York, NY 10001, United States</Address>
    </Addresses>
</Lists>